exports[`HelloWorld renders and matches our snapshot 1`] = `
<div
  className="HelloWorld">
  Hello
   
  Person
  !
  <br />
  <button
    className="frenchify"
    onClick={[Function]}>
    Frenchify!
  </button>
  <br />
  <button
    className="remove"
    onClick={[Function]}>
    Remove Me!
  </button>
</div>
`;
